[10:30:57.363] INFO (@antora/lunr-extension): The following file already exists in your UI: css/search.css, skipping
[10:30:57.366] INFO (@antora/lunr-extension): The following file already exists in your UI: js/search-ui.js, skipping
[10:30:57.610] ERROR (asciidoctor): target of xref not found: cli/certificate2.adoc#_client_and_server_certificates
    file: /home/btat/product-docs/k3s-product-docs/versions/latest/modules/en/pages/advanced.adoc
    source: /home/btat/product-docs/k3s-product-docs (branch: workflow-test1 <worktree> | start path: versions/latest)
[10:30:57.611] INFO (asciidoctor): possible invalid reference: _test_header123
    file: /home/btat/product-docs/k3s-product-docs/versions/latest/modules/en/pages/advanced.adoc
    source: /home/btat/product-docs/k3s-product-docs (branch: workflow-test1 <worktree> | start path: versions/latest)
[10:31:08.029] INFO (@antora/lunr-extension): The following file already exists in your UI: css/search.css, skipping
[10:31:08.032] INFO (@antora/lunr-extension): The following file already exists in your UI: js/search-ui.js, skipping
[10:31:08.282] ERROR (asciidoctor): target of xref not found: cli/certificate2.adoc#_client_and_server_certificates
    file: /home/btat/product-docs/k3s-product-docs/versions/latest/modules/en/pages/advanced.adoc
    source: /home/btat/product-docs/k3s-product-docs (branch: workflow-test1 <worktree> | start path: versions/latest)
[10:31:08.283] INFO (asciidoctor): possible invalid reference: _test_header123
    file: /home/btat/product-docs/k3s-product-docs/versions/latest/modules/en/pages/advanced.adoc
    source: /home/btat/product-docs/k3s-product-docs (branch: workflow-test1 <worktree> | start path: versions/latest)
[10:31:13.218] INFO (@antora/lunr-extension): Building search index with the language(s): en, ja, zh
[10:31:37.795] INFO (@antora/lunr-extension): The following file already exists in your UI: css/search.css, skipping
[10:31:37.798] INFO (@antora/lunr-extension): The following file already exists in your UI: js/search-ui.js, skipping
[10:31:38.043] ERROR (asciidoctor): target of xref not found: cli/certificate2.adoc#_client_and_server_certificates
    file: /home/btat/product-docs/k3s-product-docs/versions/latest/modules/en/pages/advanced.adoc
    source: /home/btat/product-docs/k3s-product-docs (branch: workflow-test1 <worktree> | start path: versions/latest)
[10:31:38.044] INFO (asciidoctor): possible invalid reference: _test_header123
    file: /home/btat/product-docs/k3s-product-docs/versions/latest/modules/en/pages/advanced.adoc
    source: /home/btat/product-docs/k3s-product-docs (branch: workflow-test1 <worktree> | start path: versions/latest)
[10:31:43.136] INFO (@antora/lunr-extension): Building search index with the language(s): en, ja, zh
[10:35:24.752] INFO (@antora/lunr-extension): The following file already exists in your UI: css/search.css, skipping
[10:35:24.755] INFO (@antora/lunr-extension): The following file already exists in your UI: js/search-ui.js, skipping
[10:35:24.998] ERROR (asciidoctor): target of xref not found: cli/certificate2.adoc#_client_and_server_certificates
    file: /home/btat/product-docs/k3s-product-docs/versions/latest/modules/en/pages/advanced.adoc
    source: /home/btat/product-docs/k3s-product-docs (branch: workflow-test1 <worktree> | start path: versions/latest)
[10:35:24.999] INFO (asciidoctor): possible invalid reference: _test_header123
    file: /home/btat/product-docs/k3s-product-docs/versions/latest/modules/en/pages/advanced.adoc
    source: /home/btat/product-docs/k3s-product-docs (branch: workflow-test1 <worktree> | start path: versions/latest)
[10:35:29.986] INFO (@antora/lunr-extension): Building search index with the language(s): en, ja, zh
[10:35:58.399] INFO (@antora/lunr-extension): The following file already exists in your UI: css/search.css, skipping
[10:35:58.402] INFO (@antora/lunr-extension): The following file already exists in your UI: js/search-ui.js, skipping
[10:35:58.641] ERROR (asciidoctor): target of xref not found: cli/certificate2.adoc#_client_and_server_certificates
    file: /home/btat/product-docs/k3s-product-docs/versions/latest/modules/en/pages/advanced.adoc
    source: /home/btat/product-docs/k3s-product-docs (branch: workflow-test1 <worktree> | start path: versions/latest)
[10:35:58.643] INFO (asciidoctor): possible invalid reference: _test_header123
    file: /home/btat/product-docs/k3s-product-docs/versions/latest/modules/en/pages/advanced.adoc
    source: /home/btat/product-docs/k3s-product-docs (branch: workflow-test1 <worktree> | start path: versions/latest)
[10:36:03.698] INFO (@antora/lunr-extension): Building search index with the language(s): en, ja, zh
[10:42:46.522] INFO (@antora/lunr-extension): The following file already exists in your UI: css/search.css, skipping
[10:42:46.525] INFO (@antora/lunr-extension): The following file already exists in your UI: js/search-ui.js, skipping
[10:42:46.765] ERROR (asciidoctor): target of xref not found: cli/certificate2.adoc#_client_and_server_certificates
    file: /home/btat/product-docs/k3s-product-docs/versions/latest/modules/en/pages/advanced.adoc
    source: /home/btat/product-docs/k3s-product-docs (branch: workflow-test1 <worktree> | start path: versions/latest)
[10:42:46.766] INFO (asciidoctor): possible invalid reference: _test_header123
    file: /home/btat/product-docs/k3s-product-docs/versions/latest/modules/en/pages/advanced.adoc
    source: /home/btat/product-docs/k3s-product-docs (branch: workflow-test1 <worktree> | start path: versions/latest)
[10:42:51.688] INFO (@antora/lunr-extension): Building search index with the language(s): en, ja, zh
[10:56:32.826] INFO (@antora/lunr-extension): The following file already exists in your UI: css/search.css, skipping
[10:56:32.829] INFO (@antora/lunr-extension): The following file already exists in your UI: js/search-ui.js, skipping
[10:56:33.065] ERROR (asciidoctor): target of xref not found: cli/certificate2.adoc#_client_and_server_certificates
    file: /home/btat/product-docs/k3s-product-docs/versions/latest/modules/en/pages/advanced.adoc
    source: /home/btat/product-docs/k3s-product-docs (branch: workflow-test1 <worktree> | start path: versions/latest)
[10:56:33.067] INFO (asciidoctor): possible invalid reference: _test_header123
    file: /home/btat/product-docs/k3s-product-docs/versions/latest/modules/en/pages/advanced.adoc
    source: /home/btat/product-docs/k3s-product-docs (branch: workflow-test1 <worktree> | start path: versions/latest)
[10:56:37.948] INFO (@antora/lunr-extension): Building search index with the language(s): en, ja, zh
